// Vitest Snapshot v1, https://vitest.dev/guide/snapshot.html

exports[`Feedback component > renders feedback form correctly 1`] = `
{
  "asFragment": [Function],
  "baseElement": <body>
    <div>
      <div
        class="_feedback_2acf0e"
      >
        <form
          class="_form_2acf0e"
        >
          <p
            class="_formTitle_2acf0e"
          >
            Leave your feedback here!
          </p>
          <div
            class="_inputContainer_2acf0e"
          >
            <label
              for="name"
            >
              Name
            </label>
            <input
              id="name"
              name="name"
              placeholder="Joseph Tan Chee Guan"
              type="text"
            />
          </div>
          <div
            class="_inputContainer_2acf0e"
          >
            <label
              for="feedback"
            >
              Feedback
            </label>
            <textarea
              id="feedback"
              name="feedback"
              placeholder="Can you please update the menu from ABC Chicken Rice to show the latest price?"
              rows="4"
            />
          </div>
          <p
            class="_contactText_2acf0e"
          >
            If you'd like to be contacted regarding your feedback, please leave your email and/or Telegram handle below as well.
          </p>
          <div
            class="_inputContainer_2acf0e"
          >
            <label
              for="email"
            >
              Email
            </label>
            <input
              id="email"
              name="email"
              placeholder="josepthtcg@gmail.com"
              type="text"
            />
          </div>
          <div
            class="_inputContainer_2acf0e"
          >
            <label
              for="telegram"
            >
              Telegram
            </label>
            <input
              id="telegram"
              name="telegram"
              placeholder="@josepthtcg"
              type="text"
            />
          </div>
          <button
            class="_submit_2acf0e"
            disabled=""
            type="submit"
          >
            Submit
          </button>
        </form>
      </div>
    </div>
  </body>,
  "container": <div>
    <div
      class="_feedback_2acf0e"
    >
      <form
        class="_form_2acf0e"
      >
        <p
          class="_formTitle_2acf0e"
        >
          Leave your feedback here!
        </p>
        <div
          class="_inputContainer_2acf0e"
        >
          <label
            for="name"
          >
            Name
          </label>
          <input
            id="name"
            name="name"
            placeholder="Joseph Tan Chee Guan"
            type="text"
          />
        </div>
        <div
          class="_inputContainer_2acf0e"
        >
          <label
            for="feedback"
          >
            Feedback
          </label>
          <textarea
            id="feedback"
            name="feedback"
            placeholder="Can you please update the menu from ABC Chicken Rice to show the latest price?"
            rows="4"
          />
        </div>
        <p
          class="_contactText_2acf0e"
        >
          If you'd like to be contacted regarding your feedback, please leave your email and/or Telegram handle below as well.
        </p>
        <div
          class="_inputContainer_2acf0e"
        >
          <label
            for="email"
          >
            Email
          </label>
          <input
            id="email"
            name="email"
            placeholder="josepthtcg@gmail.com"
            type="text"
          />
        </div>
        <div
          class="_inputContainer_2acf0e"
        >
          <label
            for="telegram"
          >
            Telegram
          </label>
          <input
            id="telegram"
            name="telegram"
            placeholder="@josepthtcg"
            type="text"
          />
        </div>
        <button
          class="_submit_2acf0e"
          disabled=""
          type="submit"
        >
          Submit
        </button>
      </form>
    </div>
  </div>,
  "debug": [Function],
  "findAllByAltText": [Function],
  "findAllByDisplayValue": [Function],
  "findAllByLabelText": [Function],
  "findAllByPlaceholderText": [Function],
  "findAllByRole": [Function],
  "findAllByTestId": [Function],
  "findAllByText": [Function],
  "findAllByTitle": [Function],
  "findByAltText": [Function],
  "findByDisplayValue": [Function],
  "findByLabelText": [Function],
  "findByPlaceholderText": [Function],
  "findByRole": [Function],
  "findByTestId": [Function],
  "findByText": [Function],
  "findByTitle": [Function],
  "getAllByAltText": [Function],
  "getAllByDisplayValue": [Function],
  "getAllByLabelText": [Function],
  "getAllByPlaceholderText": [Function],
  "getAllByRole": [Function],
  "getAllByTestId": [Function],
  "getAllByText": [Function],
  "getAllByTitle": [Function],
  "getByAltText": [Function],
  "getByDisplayValue": [Function],
  "getByLabelText": [Function],
  "getByPlaceholderText": [Function],
  "getByRole": [Function],
  "getByTestId": [Function],
  "getByText": [Function],
  "getByTitle": [Function],
  "queryAllByAltText": [Function],
  "queryAllByDisplayValue": [Function],
  "queryAllByLabelText": [Function],
  "queryAllByPlaceholderText": [Function],
  "queryAllByRole": [Function],
  "queryAllByTestId": [Function],
  "queryAllByText": [Function],
  "queryAllByTitle": [Function],
  "queryByAltText": [Function],
  "queryByDisplayValue": [Function],
  "queryByLabelText": [Function],
  "queryByPlaceholderText": [Function],
  "queryByRole": [Function],
  "queryByTestId": [Function],
  "queryByText": [Function],
  "queryByTitle": [Function],
  "rerender": [Function],
  "unmount": [Function],
}
`;
